[testing-site.local/index.html]
[backblue.gif]
[fade.gif]
[index.html]
[testing-site.local/wp-includes/blocks/navigation/style.min84fc.css]
[testing-site.local/wp-includes/blocks/cover/style.min84fc.css]
[testing-site.local/wp-content/themes/variations/assets/css/editor-frontend41fe.css]
[testing-site.local/comments/feed/index.html]
[testing-site.local/wp-includes/js/dist/interactivity.min84fc.js]
[testing-site.local/wp-includes/js/jquery/jquery.minf43b.js]
[testing-site.local/wp-includes/js/jquery/jquery-migrate.min5589.js]
[testing-site.local/wp-json/wp/v2/pages/12.json]
[testing-site.local/wp-json/oembed/1.0/embed5efd.json]
[testing-site.local/wp-json/oembed/1.0/embed8188]
[testing-site.local/wp-content/themes/variations/assets/fonts/work-sans/work-sans.woff]
[testing-site.local/wp-content/themes/variations/assets/fonts/work-sans/work-sans.ttf]
[testing-site.local/wp-content/themes/variations/assets/fonts/prata/prata.woff]
[testing-site.local/wp-content/themes/variations/assets/fonts/prata/prata.ttf]
[testing-site.local/wp-content/themes/variations/assets/fonts/ibm-plex-mono/IBMPlexSans-Thin.woff]
[testing-site.local/wp-content/themes/variations/assets/fonts/ibm-plex-mono/ibm-plex-sans-thin_normal_100.ttf]
[testing-site.local/wp-content/themes/variations/assets/fonts/ibm-plex-mono/ibm-plex-sans_normal_400.ttf]
[testing-site.local/wp-content/themes/variations/assets/fonts/ibm-plex-mono/IBMPlexSans-Italic.woff2]
[testing-site.local/wp-content/themes/variations/assets/fonts/ibm-plex-mono/IBMPlexSans-Italic.woff]
[testing-site.local/wp-content/themes/variations/assets/fonts/ibm-plex-mono/IBMPlexSans-Bold.woff2]
[testing-site.local/wp-content/themes/variations/assets/fonts/ibm-plex-mono/ibm-plex-sans_normal_700.ttf]
[testing-site.local/wp-content/themes/variations/assets/fonts/inter/Inter-Regular.woff]
[tyler.com/wp-content/uploads/2023/11/island-hero-banner.21.delayed]
[tyler.com/wp-content/uploads/2023/11/island-image1.png]
[testing-site.local/dog-grooming/index.html]
[tyler.com/wp-content/uploads/2023/11/island-image2.png]
[tyler.com/wp-content/uploads/2023/11/island-image3.png]
[tyler.com/wp-content/uploads/2023/11/island-image6.png]
[tyler.com/wp-content/uploads/2023/11/island-image5.jpg]
[testing-site.local/index.html]
[testing-site.local/wp-includes/blocks/navigation/style.min84fc.css]
[testing-site.local/wp-includes/blocks/cover/style.min84fc.css]
[testing-site.local/wp-content/themes/variations/assets/css/editor-frontend41fe.css]
[testing-site.local/wp-content/themes/variations/assets/css/frontend41fe.css]
[testing-site.local/t,window.location]
[testing-site.local/wp-includes/js/dist/interactivity.min84fc.js]
[testing-site.local/wp-includes/js/jquery/jquery.minf43b.js]
[testing-site.local/wp-includes/js/jquery/jquery-migrate.min5589.js]
[testing-site.local/wp-content/themes/variations/assets/fonts/work-sans/work-sans.woff2]
[testing-site.local/wp-content/themes/variations/assets/fonts/prata/prata.woff2]
[testing-site.local/xmlrpc0db0.php]
[testing-site.local/wp-json/index.html]
[testing-site.local/wp-content/themes/variations/assets/fonts/ibm-plex-mono/IBMPlexSans-Regular.woff2]
[testing-site.local/home/index.html]
[testing-site.local/wp-content/themes/variations/assets/fonts/inter/Inter-Regular.woff2]
[testing-site.local/wp-content/themes/variations/assets/fonts/inter/inter_normal_100-900.ttf]
[testing-site.local/wp-json/wp/v2/pages/17.json]
[testing-site.local/wp-json/oembed/1.0/embeda8b9.json]
[tyler.com/wp-content/uploads/2023/11/island-services-banner.jpg]
[tyler.com/wp-content/uploads/2023/11/island-image7.png]
[tyler.com/wp-content/uploads/2023/11/island-image8.png]
[tyler.com/wp-content/uploads/2023/11/island-image9.png]
[tyler.com/wp-content/uploads/2023/11/island-banner3.jpg]
[testing-site.local/dog-grooming/index.html]
[testing-site.local/contact/index.html]
[testing-site.local/wp-content/themes/variations/assets/js/frontend41fe.js]
[testing-site.local/feed/index.html]
[testing-site.local/wp-content/themes/variations/assets/css/frontend41fe.css]
[testing-site.local/t,window.html]
[testing-site.local/wp-includes/blocks/navigation/view.minff1e.js]
[testing-site.local/wp-content/themes/variations/assets/fonts/ibm-plex-mono/IBMPlexSans-Thin.woff2]
[testing-site.local/wp-content/themes/variations/assets/fonts/ibm-plex-mono/ibm-plex-sans_italic_400.ttf]
[testing-site.local/wp-content/themes/variations/assets/fonts/ibm-plex-mono/IBMPlexSans-Bold.woff]
[testing-site.local/wp-json/oembed/1.0/embed2fce]
[testing-site.local/wp-json/wp/v2/pages/19.json]
[testing-site.local/contact/index.html]
[testing-site.local/wp-content/themes/variations/assets/js/frontend41fe.js]
[testing-site.local/wp-includes/blocks/navigation/view.minff1e.js]
[testing-site.local/wp-content/themes/variations/assets/fonts/ibm-plex-mono/IBMPlexSans-Regular.woff]
[testing-site.local/about/index.html]
[testing-site.local/indexd8eb.html]
[testing-site.local/wp-json/oembed/1.0/embedb2d7]
[testing-site.local/index5831.html]
[testing-site.local/wp-json/oembed/1.0/embedbfb8]
